../Core/Src/main.c:101:5:main	24	static
../Core/Src/main.c:203:6:SystemClock_Config	88	static
../Core/Src/main.c:249:13:MX_ADC1_Init	24	static
../Core/Src/main.c:301:13:MX_USART2_UART_Init	8	static
../Core/Src/main.c:332:13:MX_DMA_Init	16	static
../Core/Src/main.c:350:13:MX_GPIO_Init	48	static
../Core/Src/main.c:387:6:HAL_UART_RxCpltCallback	16	static
../Core/Src/main.c:473:6:HAL_UART_TxCpltCallback	16	static
../Core/Src/main.c:488:6:analog_read	8	static
../Core/Src/main.c:515:6:Error_Handler	4	static,ignoring_inline_asm
