../Core/Src/STM_MY_LCD16X2.c:22:6:LCD1602_EnablePulse	8	static
../Core/Src/STM_MY_LCD16X2.c:30:6:LCD1602_RS	16	static
../Core/Src/STM_MY_LCD16X2.c:37:6:LCD1602_write	24	static
../Core/Src/STM_MY_LCD16X2.c:78:6:LCD1602_TIM_Config	40	static
../Core/Src/STM_MY_LCD16X2.c:112:6:LCD1602_TIM_MicorSecDelay	16	static
../Core/Src/STM_MY_LCD16X2.c:120:6:LCD1602_writeCommand	16	static
../Core/Src/STM_MY_LCD16X2.c:128:6:LCD1602_writeData	16	static
../Core/Src/STM_MY_LCD16X2.c:136:6:LCD1602_write4bitCommand	24	static
../Core/Src/STM_MY_LCD16X2.c:152:6:LCD1602_Begin8BIT	24	static
../Core/Src/STM_MY_LCD16X2.c:194:6:LCD1602_Begin4BIT	24	static
../Core/Src/STM_MY_LCD16X2.c:234:6:LCD1602_print	24	static
../Core/Src/STM_MY_LCD16X2.c:244:6:LCD1602_setCursor	24	static
../Core/Src/STM_MY_LCD16X2.c:260:6:LCD1602_1stLine	8	static
../Core/Src/STM_MY_LCD16X2.c:264:6:LCD1602_2ndLine	8	static
../Core/Src/STM_MY_LCD16X2.c:269:6:LCD1602_TwoLines	8	static
../Core/Src/STM_MY_LCD16X2.c:274:6:LCD1602_OneLine	8	static
../Core/Src/STM_MY_LCD16X2.c:280:6:LCD1602_noCursor	8	static
../Core/Src/STM_MY_LCD16X2.c:285:6:LCD1602_cursor	8	static
../Core/Src/STM_MY_LCD16X2.c:291:6:LCD1602_clear	8	static
../Core/Src/STM_MY_LCD16X2.c:297:6:LCD1602_noBlink	8	static
../Core/Src/STM_MY_LCD16X2.c:302:6:LCD1602_blink	8	static
../Core/Src/STM_MY_LCD16X2.c:308:6:LCD1602_noDisplay	8	static
../Core/Src/STM_MY_LCD16X2.c:313:6:LCD1602_display	8	static
../Core/Src/STM_MY_LCD16X2.c:319:6:LCD1602_shiftToRight	24	static
../Core/Src/STM_MY_LCD16X2.c:326:6:LCD1602_shiftToLeft	24	static
../Core/Src/STM_MY_LCD16X2.c:336:6:LCD1602_PrintInt	32	static
../Core/Src/STM_MY_LCD16X2.c:343:6:LCD1602_PrintFloat	40	static
